Microsoft Windows [Version 10.0.22621.3007]
(c) Microsoft Corporation. All rights reserved.

D:\python_code\test2>git status
On branch main
Your branch is up to date with 'origin/main'.

Untracked files:
  (use "git add <file>..." to include in what will be committed)
        .gitignore
        sooraj_test/

nothing added to commit but untracked files present (use "git add" to track)

D:\python_code\test2>git add .

D:\python_code\test2>git status
On branch main
Your branch is up to date with 'origin/main'.

Changes to be committed:
  (use "git restore --staged <file>..." to unstage)
        new file:   .gitignore
        new file:   sooraj_test/test.txt


D:\python_code\test2>git commit -m "initial commit by sooraj"
[main 391a09b] initial commit by sooraj
 2 files changed, 40 insertions(+)
 create mode 100644 .gitignore
 create mode 100644 sooraj_test/test.txt

D:\python_code\test2>git status
On branch main
Your branch is ahead of 'origin/main' by 1 commit.
  (use "git push" to publish your local commits)

nothing to commit, working tree clean

D:\python_code\test2>git log
commit 391a09b8618865babbd997d6f8a328c8d6fc9826 (HEAD -> main)
Author: Sooraj Aryan <soorajaryan007@gmail.com>
Date:   Fri Jan 19 18:26:52 2024 +0530

    initial commit by sooraj

commit beafa43ebb8f923902e20071608e7c7fae9a18d1 (origin/main, origin/HEAD)
Author: sooraj aryan <112082440+soorajaryan007@users.noreply.github.com>
Date:   Fri Jan 19 18:10:07 2024 +0530

    Initial commit

D:\python_code\test2>git push origin main
Enumerating objects: 6, done.
Counting objects: 100% (6/6), done.
Delta compression using up to 12 threads
Compressing objects: 100% (3/3), done.
Writing objects: 100% (5/5), 1.18 KiB | 1.18 MiB/s, done.
Total 5 (delta 0), reused 0 (delta 0), pack-reused 0
To https://github.com/soorajaryan007/test2.git
   beafa43..391a09b  main -> main

D:\python_code\test2>